AVR Macro-Assembler, Version 2.1                          29/12/2024  PAGE   1
Test: Overlap - Address range

 LOC       OBJ                   LINE   SOURCE

                                    1   .DEVICE ATmega2560
                                    2   
                                    3   ;#define XASMAVR via commandline option '/DXASMAVR'
                                    4   ;----------------------------------,
                                    5   #ifdef XASMAVR			   ;
                                    6    .TITLE Test: Overlap - Address range
                                    7    .PAGELENGTH(84)		   ;
                                    8    .PAGEWIDTH(115)		   ;
                                    9    .SYMBOLS			   ;
                                   10    .MODEL BYTE 			   ;
                                   11   #endif ;XASMAVR		           ;
                                   12   ;----------------------------------'
                                   13   
                                   14   .OVERLAP
 00000200                  :C      15   .org $100
 00000200  54 45 53 54     :C      16   .DB "TEST"                                    
 0000E000                  :C      17   .org $7000
 0000E000  77 77 77 77 77  :C      18   .DB $77,$77,$77,$77,$77,$77,$77,$77,$77,$77,$77,$77,$77,$77,$77,$77
 0000E005  77 77 77 77 77  :C
 0000E00A  77 77 77 77 77  :C
 0000E00F  77              :C
 00008000                  :C      19   .org $4000
 00008000  44 44 44 44 44  :C      20   .DB $44,$44,$44,$44,$44,$44,$44,$44,$44,$44,$44,$44,$44,$44,$44,$44
 00008005  44 44 44 44 44  :C
 0000800A  44 44 44 44 44  :C
 0000800F  44              :C
 00000A10                  :C      21   .org $508                                                    ;=Overlap test
 00000A10  58 58 58 58 58  :C      22   .DB $58,$58,$58,$58,$58,$58,$58,$58,$58,$58,$58,$58,$58,$58,$58,$58
 00000A15  58 58 58 58 58  :C
 00000A1A  58 58 58 58 58  :C
 00000A1F  58              :C
 00000A00                  :C      23   .org $500                                                    ;=Overlap test
 00000A00  55 55 55 55 55  :C      24   .DB $55,$55,$55,$55,$55,$55,$55,$55,$55,$55,$55,$55,$55,$55,$55,$55
 00000A05  55 55 55 55 55  :C
 00000A0A  55 55 55 55 55  :C
 00000A0F  55              :C
 00000A10  55 55 55 55 55  :C      25   .DB $55,$55,$55,$55,$55,$55,$55,$55,$55,$55,$55,$55,$55,$55,$55,$55
 00000A15  55 55 55 55 55  :C
 00000A1A  55 55 55 55 55  :C
 00000A1F  55              :C
                                   26   
 0000FFFE                  :C      27   .org $7FFF						     ;=$0FFFE
 0000FFFE  EEEE            :C      28   .DW $EEEE				                     ;=:02 FFFE 00 EEEE	25
 00010000  EEEE            :C      29   .DW $EEEE,$EEEE,$EEEE,$EEEE,$EEEE,$EEEE,$EEEE                ;=:0E 0000 00 
 00010002  EEEE            :C
 00010004  EEEE            :C
 00010006  EEEE            :C
 00010008  EEEE            :C
 0001000A  EEEE            :C
 0001000C  EEEE            :C
                                   30   
 00012000                  :C      31   .org $9000                                                   ;=$12000
 00012000  99 99 99 99 99  :C      32   .DB $99,$99,$99,$99,$99,$99,$99,$99,$99,$99,$99,$99,$99,$99,$99,$99
 00012005  99 99 99 99 99  :C
 0001200A  99 99 99 99 99  :C
 0001200F  99              :C
                                   33   
 0001F600                  :C      34   .org $FB00						     ;=$1F600
 0001F600  BB BB BB BB BB  :C      35   .DB $BB,$BB,$BB,$BB,$BB,$BB,$BB,$BB,$BB,$BB,$BB,$BB,$BB,$BB,$BB,$BB
 0001F605  BB BB BB BB BB  :C
 0001F60A  BB BB BB BB BB  :C
 0001F60F  BB              :C
                                   36   
 0001FFFE                  :C      37   .org $FFFF                                           	     ;=$1FFFE
 0001FFFE  FFFF            :C      38   .DW $FFFF						     ;=:02 FFFE 00 FFFF 03
 00020000  FFFF            :C      39   .DW $FFFF,$FFFF,$FFFF,$FFFF,$FFFF,$FFFF,$FFFF          	     ;=:0E 0000 00 
 00020002  FFFF            :C
 00020004  FFFF            :C
 00020006  FFFF            :C
 00020008  FFFF            :C
 0002000A  FFFF            :C
 0002000C  FFFF            :C
 0002000E                  :C      40   __FAR_away:
                                   41   
 00022000                  :C      42   .org $11000                                                  ;=$22000
 00022000  55AA            :C      43   .DW $55AA, $AA55
 00022002  AA55            :C
                                   44   
 0003FFF0                  :C      45   .org $1FFF8                                                  ;=$3FFF0
 0003FFF0  2121            :C      46   .DW $2121, $2121, $2121
 0003FFF2  2121            :C
AVR Macro-Assembler, Version 2.1                          29/12/2024  PAGE   2
Test: Overlap - Address range

 LOC       OBJ                   LINE   SOURCE

 0003FFF4  2121            :C
 0003FFF6                  :C      47   _ExitFar:   
                                   48     
                                   49   #ifdef XASMAVR
                                   50   ; -------------------------------------------
                                   51   .SUBTTL Hex-file "_avrtest01.HEX"
                                   52   .EJECT
AVR Macro-Assembler, Version 2.1                          29/12/2024  PAGE   3
Test: Overlap - Address range
Hex-file "_avrtest01.HEX"

 LOC       OBJ                   LINE   SOURCE

                                   53   #endif ;XASMAVR
                                   54   ; ---------------------------------------------
                                   55   ; /*					       |
                                   56   ;  :020000020000FC			       |
                                   57   ;  :0402000054455354BA			       |
                                   58   ;  :10E0000077777777777777777777777777777777A0 |
                                   59   ;  :108000004444444444444444444444444444444430 |
                                   60   ;  :100A10005858585858585858585858585858585856 |
                                   61   ;  :100A00005555555555555555555555555555555596 |
                                   62   ;  :100A10005555555555555555555555555555555586 |
                                   63   ;  :02FFFE00EEEE25			       |
                                   64   ;  :020000021000EC			       |
                                   65   ;  :0E000000EEEEEEEEEEEEEEEEEEEEEEEEEEEEEE     |
                                   66   ;  :102000009999999999999999999999999999999940 |
                                   67   ;  :10F60000BBBBBBBBBBBBBBBBBBBBBBBBBBBBBBBB4A |
                                   68   ;  :02FFFE00FFFF03			       |
                                   69   ;  :020000022000DC			       |
                                   70   ;  :0E000000FFFFFFFFFFFFFFFFFFFFFFFFFFFF00     |
                                   71   ;  :04200000AA5555AADE			       |
                                   72   ;  :020000023000CC			       |
                                   73   ;  :06FFF00021212121212145		       |
                                   74   ;  :00000001FF	     			       |
                                   75   ; */ 				               |
                                   76   ; ---------------------------------------------
                                   77   
                                   78   #ifdef XASMAVR
                                   79   ; -------------------------------------------------------------------------
                                   80   .SUBTTL Bin-file "_avrtest01.BIN", ascii-dump (ATmega2560 256K example)
                                   81   .EJECT
AVR Macro-Assembler, Version 2.1                          29/12/2024  PAGE   4
Test: Overlap - Address range
Bin-file "_avrtest01.BIN", ascii-dump (ATmega2560 256K example)

 LOC       OBJ                   LINE   SOURCE

                                   82   #endif ;XASMAVR							       
                                   83   ; -------------------------------------------------------------------------
                                   84   ; /*                                                                       
                                   85   ; 00000000  00 00 00 00 00 00 00 00-00 00 00 00 00 00 00 00  ..............
                                   86   ;   ....  								      |
                                   87   ; 000001F0  00 00 00 00 00 00 00 00-00 00 00 00 00 00 00 00  ..............
                                   88   ; 00000200  54 45 53 54 00 00 00 00-00 00 00 00 00 00 00 00  TEST..........
                                   89   ; 00000210  00 00 00 00 00 00 00 00-00 00 00 00 00 00 00 00  ..............
                                   90   ;   ....  								      |
                                   91   ; 000009F0  00 00 00 00 00 00 00 00-00 00 00 00 00 00 00 00  ..............
                                   92   ; 00000A00  55 55 55 55 55 55 55 55-55 55 55 55 55 55 55 55  UUUUUUUUUUUUUU
                                   93   ; 00000A10  55 55 55 55 55 55 55 55-55 55 55 55 55 55 55 55  UUUUUUUUUUUUUU
                                   94   ; 00000A20  00 00 00 00 00 00 00 00-00 00 00 00 00 00 00 00  ..............
                                   95   ;   ....  								      |
                                   96   ; 00007FF0  00 00 00 00 00 00 00 00-00 00 00 00 00 00 00 00  ..............
                                   97   ; 00008000  44 44 44 44 44 44 44 44-44 44 44 44 44 44 44 44  DDDDDDDDDDDDDD
                                   98   ; 00008010  00 00 00 00 00 00 00 00-00 00 00 00 00 00 00 00  ..............
                                   99   ;   ....  								      |
                                  100   ; 0000DFF0  00 00 00 00 00 00 00 00-00 00 00 00 00 00 00 00  ..............
                                  101   ; 0000E000  77 77 77 77 77 77 77 77-77 77 77 77 77 77 77 77  wwwwwwwwwwwwww
                                  102   ; 0000E010  00 00 00 00 00 00 00 00-00 00 00 00 00 00 00 00  ..............
                                  103   ;   ....  								      |
                                  104   ; 0000FFF0  00 00 00 00 00 00 00 00-00 00 00 00 00 00 EE EE  ..............
                                  105   ; 00010000  EE EE EE EE EE EE EE EE-EE EE EE EE EE EE 00 00  ..............
                                  106   ; 00010010  00 00 00 00 00 00 00 00-00 00 00 00 00 00 00 00  ..............
                                  107   ;   ....  								      |
                                  108   ; 00011FF0  00 00 00 00 00 00 00 00-00 00 00 00 00 00 00 00  ..............
                                  109   ; 00012000  99 99 99 99 99 99 99 99-99 99 99 99 99 99 99 99  ..............
                                  110   ; 00012010  00 00 00 00 00 00 00 00-00 00 00 00 00 00 00 00  ..............
                                  111   ;   ....  								      |
                                  112   ; 0001F5F0  00 00 00 00 00 00 00 00-00 00 00 00 00 00 00 00  ..............
                                  113   ; 0001F600  BB BB BB BB BB BB BB BB-BB BB BB BB BB BB BB BB  ..............
                                  114   ; 0001F610  00 00 00 00 00 00 00 00-00 00 00 00 00 00 00 00  ..............
                                  115   ;   ....  								      |
                                  116   ; 0001FFF0  00 00 00 00 00 00 00 00-00 00 00 00 00 00 FF FF  ..............
                                  117   ; 00020000  FF FF FF FF FF FF FF FF-FF FF FF FF FF FF 00 00  ..............
                                  118   ; 00020010  00 00 00 00 00 00 00 00-00 00 00 00 00 00 00 00  ..............
                                  119   ;   ....  								      |
                                  120   ; 00021FF0  00 00 00 00 00 00 00 00-00 00 00 00 00 00 00 00  ..............
                                  121   ; 00022000  AA 55 55 AA 00 00 00 00-00 00 00 00 00 00 00 00  ..............
                                  122   ; 00022010  00 00 00 00 00 00 00 00-00 00 00 00 00 00 00 00  ..............
                                  123   ;   ....  								      |
                                  124   ; 0003FFE0  00 00 00 00 00 00 00 00-00 00 00 00 00 00 00 00  ..............
                                  125   ; 0003FFF0  21 21 21 21 21 21 00 00-00 00 00 00 00 00 00 00  ..............
                                  126   ; */									      |
                                  127   ; -------------------------------------------------------------------------
                                  128   .EXIT

USER SYMBOLS

__FAR_away. . . . . . . . . . . . . . .  0002000E C  _ExitFar. . . . . . . . . . . . . . . .  0003FFF6 C  
XASMAVR . . . . . . . . . . . . . . . .  00000001 A  

 Info - Memory segments organization (.OVERLAP)
        CSEG: Start = 0x00000200  End = 0x00000204  Size = 4 byte(s)
        CSEG: Start = 0x00000A00  End = 0x00000A20  Size = 32 byte(s)
        CSEG: Start = 0x00000A10  End = 0x00000A20  Size = 16 byte(s)
        CSEG: Start = 0x00008000  End = 0x00008010  Size = 16 byte(s)
        CSEG: Start = 0x0000E000  End = 0x0000E010  Size = 16 byte(s)
        CSEG: Start = 0x0000FFFE  End = 0x0001000E  Size = 16 byte(s)
        CSEG: Start = 0x00012000  End = 0x00012010  Size = 16 byte(s)
        CSEG: Start = 0x0001F600  End = 0x0001F610  Size = 16 byte(s)
        CSEG: Start = 0x0001FFFE  End = 0x0002000E  Size = 16 byte(s)
        CSEG: Start = 0x00022000  End = 0x00022004  Size = 4 byte(s)
        CSEG: Start = 0x0003FFF0  End = 0x0003FFF6  Size = 6 byte(s)
        CSEG: Code size = 158 bytes

        DSEG: Start = 0x00000200  End = 0x00000200  Size = 0 byte(s)
        DSEG: Data size = 0 bytes

        ESEG: Data size = 0 bytes

ASSEMBLY COMPLETE,   NO ERRORS
