AVR Macro-Assembler, Version 2.1                          29/12/2024  PAGE   1
Test: .DB - Assembler Directive and Line Continuation

 LOC       OBJ                   LINE   SOURCE

                                    1   ;#define XASMAVR via commandline option '/DXASMAVR'
                                    2   ;----------------------------------,
                                    3   #ifdef XASMAVR			   ;
                                    4    .TITLE Test: .DB - Assembler Directive and Line Continuation
                                    5    .PAGELENGTH(90)		   ;
                                    6    .PAGEWIDTH(300)		   ;
                                    7    .SYMBOLS			   ;
                                    8    .MODEL BYTE 			   ;
                                    9    .DEVICE ATxmega384C3		   ;
                                   10   #else				   ;
                                   12   #endif ; XASMAVR		   ;
                                   13   ;----------------------------------'
                                   14   
 = 00000032                        15   .EQU REV='2'
 = 00000031                        16   .EQU REV0='1'
 = 00000030                        17   .EQU REV00='0'
 = 0000000A                        18   .SET _10 = 10
 = 0000000D                        19   .SET _13 = 13
                                   20    
                                   21   #ifdef XASMAVR			   ;
 00000000                          22   _db00	.DB	"XASMAVR Macro Assembler ", \
                                        		'V',REV OR 30h,'.',REV0 OR 30h
 00000000  58 41 53 4D 41  :C   
 00000005  56 52 20 4D 61  :C
 0000000A  63 72 6F 20 41  :C
 0000000F  73 73 65 6D 62  :C
 00000014  6C 65 72 20 56  :C
 00000019  32 2E 31        :C
 = 0000001C                        23   	.EQU _DB00_LENGTH = STRLEN()
                                   24   
 0000001C  1C 1C           :C      25   	.DB 	STRLEN("XASMAVR Macro Assembler V2.1"), _DB00_LENGTH 
 0000001E                  :C      26   phase_test_db00:
                                   27   
 0000001E                  :C      28   _db01a:;
 0000001E                  :C      29   _db01b:
 0000001E  15 01 0D 30 31  :C      30   _db01c	.DB  	_DB01C_LENGTH, 1,13,'012"3":; ,"', '", "', 'A', '"', ''', '', "";, 22, 25, 4 \
 00000023  32 22 33 22 3A  :C
 00000028  3B 20 2C 22 00  :C
 0000002D  00 41 22 27 00  :C
 00000032  00              :C
 00000033  00              :C           	.EVEN
 = 00000015                        31   	.EQU _DB01C_LENGTH = STRLEN()
 00000034                  :C      32   phase_test_db01c:
                                   33   
 00000034  18 01 0D 30 31  :C      34   _db02 	.DB  	_DB02_LENGTH, 1,13,"012'3':; ,'", "', '", 'A', '"', ''', '', "", 22, 25, 4 
 00000039  32 27 33 27 3A  :C
 0000003E  3B 20 2C 27 00  :C
 00000043  00 41 22 27 00  :C
 00000048  00 16 19 04     :C
 = 00000018                        35   	.EQU _DB02_LENGTH = STRLEN()
 0000004C                  :C      36   phase_test_db02:
                                   37   #endif ;XASMAVR
                                   38   
                                   39      	.DB     _13,_10,'Z'+1, 0b10101, 0b1,  \
                                         	   	0b10, "1234567890abcd ", 'A', \
                                                   	0xFF, "1234567890abcde ";,
 0000004C  0D 0A 5B 15 01  :C   
 00000051  02 31 32 33 34  :C
 00000056  35 36 37 38 39  :C
 0000005B  30 61 62 63 64  :C
 00000060  20 41 FF 31 32  :C
 00000065  33 34 35 36 37  :C
 0000006A  38 39 30 61 62  :C
 0000006F  63 64 65 20     :C
 00000073  00              :C           	.EVEN
 00000074  27              :C      40   	.DB STRLEN()
 00000075  00              :C           	.EVEN
                                   41   
                                   42      	.DB     _13,_10,'Z'+1, 0b10101, 0b1,  \
                                         	   	0b10, "1234567890abcd ", 'A', \
                                                   	0xFF, "1234567890abcde ",1;,
 00000076  0D 0A 5B 15 01  :C   
 0000007B  02 31 32 33 34  :C
 00000080  35 36 37 38 39  :C
 00000085  30 61 62 63 64  :C
 0000008A  20 41 FF 31 32  :C
 0000008F  33 34 35 36 37  :C
 00000094  38 39 30 61 62  :C
 00000099  63 64 65 20 01  :C
 0000009E  28              :C      43   	.DB STRLEN()
 0000009F  00              :C           	.EVEN
                                   44   
                                   45   ; -------------------------------------------
                                   46   #ifdef XASMAVR
                                   47   .SUBTTL More .DB-Testing 
                                   48   .EJECT
AVR Macro-Assembler, Version 2.1                          29/12/2024  PAGE   2
Test: .DB - Assembler Directive and Line Continuation
More .DB-Testing 

 LOC       OBJ                   LINE   SOURCE

                                   49   #endif ; XASMAVR
                                   50   ; -------------------------------------------
 000000A0  FF 05 06 07 31  :C      51   _db03:	.DB 255, 0b101, 0x0C/2, 87%8 ,__TIME__, ''',"",'',"','",'\','h','a','X','A','S','M','A','V','R','|',';','ä','ö','ü',"<<",'%',$FF 
 000000A5  33 3A 31 34 3A  :C
 000000AA  35 37 27 00 00  :C
 000000AF  00 00 5C 68 61  :C
 000000B4  58 41 53 4D 41  :C
 000000B9  56 52 7C 3B E4  :C
 000000BE  F6 FC 3C 3C 25  :C
 000000C3  FF              :C
 000000C4                  :C      52   phase_test_db03:
                                   53   
 000000C4                          54   _db04:  .DB     24, 15,  6, 19, 20, 28, 20, 28, 11, 27, 16,  0, \
                                                        16,  0, 14, 22, 25,  4, 25,  4, 17, 30,  9,  1, \
                                                         9,  1,  7, 23, 13, 31, 13, 31, 26,  2,  8, 18, \
                                                        16,  0, 14, 22, 25,  4, 25,  4, 17, 30,  9,  1, \
                                                         9,  1,  7, 23, 13, 31, 13, 31, 26,  2,  8, 18, \
                                                         8, 18, 12, 29,  5, 21,  5, 21, 10, '\', "\\"
 000000C4  18 0F 06 13 14  :C   
 000000C9  1C 14 1C 0B 1B  :C
 000000CE  10 00 10 00 0E  :C
 000000D3  16 19 04 19 04  :C
 000000D8  11 1E 09 01 09  :C
 000000DD  01 07 17 0D 1F  :C
 000000E2  0D 1F 1A 02 08  :C
 000000E7  12 10 00 0E 16  :C
 000000EC  19 04 19 04 11  :C
 000000F1  1E 09 01 09 01  :C
 000000F6  07 17 0D 1F 0D  :C
 000000FB  1F 1A 02 08 12  :C
 00000100  08 12 0C 1D 05  :C
 00000105  15 05 15 0A 5C  :C
 0000010A  5C 5C           :C
                                   55   
 0000010C                          56   _db05:  .DB	0x28,$11, 0b00100111, $16, 0, $16, 0, 14, (' '+1)*2, $25,$4,$25, \
                                        		'Z'+1,$FF,$FF,"1234567890abcd " ,"1234567890abcde ",$FF,$FF;, \\ 
 0000010C  28 11 27 16 00  :C   
 00000111  16 00 0E 42 25  :C
 00000116  04 25 5B FF FF  :C
 0000011B  31 32 33 34 35  :C
 00000120  36 37 38 39 30  :C
 00000125  61 62 63 64 20  :C
 0000012A  31 32 33 34 35  :C
 0000012F  36 37 38 39 30  :C
 00000134  61 62 63 64 65  :C
 00000139  20 FF FF        :C
                                   57   
 0000013C  31 32 33 34 35  :C      58   _db06:	.DB	"1234567890abrrrrrrrrrrrrrrrrrrrrrrrrrrrrrrrrrrrrrrrrrrrrrrrrrrrrrrrrrrrrrrrrrrrrrrrrrrrrrrrrrrrrrrrrrrrrrrrrrrrrrrrrrrrrrrrrrrrrrrrrrrcdef 12345"
 00000141  36 37 38 39 30  :C
 00000146  61 62 72 72 72  :C
 0000014B  72 72 72 72 72  :C
 00000150  72 72 72 72 72  :C
 00000155  72 72 72 72 72  :C
 0000015A  72 72 72 72 72  :C
 0000015F  72 72 72 72 72  :C
 00000164  72 72 72 72 72  :C
 00000169  72 72 72 72 72  :C
 0000016E  72 72 72 72 72  :C
 00000173  72 72 72 72 72  :C
 00000178  72 72 72 72 72  :C
 0000017D  72 72 72 72 72  :C
 00000182  72 72 72 72 72  :C
 00000187  72 72 72 72 72  :C
 0000018C  72 72 72 72 72  :C
 00000191  72 72 72 72 72  :C
 00000196  72 72 72 72 72  :C
 0000019B  72 72 72 72 72  :C
 000001A0  72 72 72 72 72  :C
 000001A5  72 72 72 72 72  :C
 000001AA  72 72 72 72 72  :C
 000001AF  72 72 72 72 72  :C
 000001B4  72 72 72 72 72  :C
 000001B9  72 72 72 72 72  :C
 000001BE  72 72 72 72 63  :C
 000001C3  64 65 66 20 31  :C
 000001C8  32 33 34 35     :C
 000001CC                  :C      59   phase_test_db06:
                                   60   
                                   61   ; -------------------------------------------
                                   62   #ifdef XASMAVR
                                   63   .EJECT
AVR Macro-Assembler, Version 2.1                          29/12/2024  PAGE   3
Test: .DB - Assembler Directive and Line Continuation
More .DB-Testing 

 LOC       OBJ                   LINE   SOURCE

                                   64   #endif ; XASMAVR
                                   65   ; -------------------------------------------
 000001CC                          66   _db07:	.DB	14, \
                                        		"xx12345 ,", 'A'
 000001CC  0E 78 78 31 32  :C   
 000001D1  33 34 35 20 2C  :C
 000001D6  41              :C
 000001D7  00              :C           	.EVEN
                                   67   
 000001D8                          68   _db08:	.DB	'A', \
                                        		"xx12345 ,", 14, 15
 000001D8  41 78 78 31 32  :C   
 000001DD  33 34 35 20 2C  :C
 000001E2  0E 0F           :C
                                   69   
                                   70   #ifdef XASMAVR
 000001E4  32 39 2F 31 32  :C      71   _db09	.DB	__DATE__, __TIME__, __CENTURY__
 000001E9  2F 32 30 32 34  :C
 000001EE  31 33 3A 31 34  :C
 000001F3  3A 35 37 15     :C
 000001F7  00              :C           	.EVEN
                                   72   		
 000001F8                          73   _db10	.DB	'29/12/2024', '13:14:57', '21', \
                                        		0x00
 000001F8  32 39 2F 31 32  :C   
 000001FD  2F 32 30 32 34  :C
 00000202  31 33 3A 31 34  :C
 00000207  3A 35 37 32 31  :C
 0000020C  00              :C
 0000020D  00              :C           	.EVEN
                                   74   
                                   75   .db "202412291214" , \
                                            "__YEAR____MONTH____DAY____HOUR____MINUTE__"
 0000020E  32 30 32 34 31  :C   
 00000213  32 32 39 31 32  :C
 00000218  31 34 32 30 32  :C
 0000021D  34 31 32 32 39  :C
 00000222  31 32 31 34     :C
                                   76   
                                   77   .db "2024","12","29","12","14" , \
                                            "__YEAR__","__MONTH__","__DAY__","__HOUR__","__MINUTE__"
 00000226  32 30 32 34 31  :C   
 0000022B  32 32 39 31 32  :C
 00000230  31 34 32 30 32  :C
 00000235  34 31 32 32 39  :C
 0000023A  31 32 31 34     :C
                                   78   
                                   79   .db "2024",'/',"12",'/',"29",' ',"12",':',"14" , \
                                            "__YEAR__",'/',"__MONTH__",'/',"__DAY__",' ',"__HOUR__",':',"__MINUTE__"
 0000023E  32 30 32 34 2F  :C   
 00000243  31 32 2F 32 39  :C
 00000248  20 31 32 3A 31  :C
 0000024D  34 32 30 32 34  :C
 00000252  2F 31 32 2F 32  :C
 00000257  39 20 31 32 3A  :C
 0000025C  31 34           :C
                                   80   #endif ; XASMAVR
                                   81   
                                   82   .EXIT

USER SYMBOLS

_10 . . . . . . . . . . . . . . . . . .  0000000A A  _13 . . . . . . . . . . . . . . . . . .  0000000D A  _db00 . . . . . . . . . . . . . . . . .  00000000 C  _DB00_LENGTH. . . . . . . . . . . . . .  0000001C A  _db01a. . . . . . . . . . . . . . . . .  0000001E C  
_db01b. . . . . . . . . . . . . . . . .  0000001E C  _db01c. . . . . . . . . . . . . . . . .  0000001E C  _DB01C_LENGTH . . . . . . . . . . . . .  00000015 A  _db02 . . . . . . . . . . . . . . . . .  00000034 C  _DB02_LENGTH. . . . . . . . . . . . . .  00000018 A  
_db03 . . . . . . . . . . . . . . . . .  000000A0 C  _db04 . . . . . . . . . . . . . . . . .  000000C4 C  _db05 . . . . . . . . . . . . . . . . .  0000010C C  _db06 . . . . . . . . . . . . . . . . .  0000013C C  _db07 . . . . . . . . . . . . . . . . .  000001CC C  
_db08 . . . . . . . . . . . . . . . . .  000001D8 C  _db09 . . . . . . . . . . . . . . . . .  000001E4 C  _db10 . . . . . . . . . . . . . . . . .  000001F8 C  phase_test_db00 . . . . . . . . . . . .  0000001E C  phase_test_db01c. . . . . . . . . . . .  00000034 C  
phase_test_db02 . . . . . . . . . . . .  0000004C C  phase_test_db03 . . . . . . . . . . . .  000000C4 C  phase_test_db06 . . . . . . . . . . . .  000001CC C  REV . . . . . . . . . . . . . . . . . .  00000032 A  REV0. . . . . . . . . . . . . . . . . .  00000031 A  
REV00 . . . . . . . . . . . . . . . . .  00000030 A  XASMAVR . . . . . . . . . . . . . . . .  00000001 A  

 Info - Memory segments organization
        CSEG: Start = 0x00000000  End = 0x0000025E  Size = 606 byte(s)
        CSEG: Code size = 606 bytes

        DSEG: Start = 0x00002000  End = 0x00002000  Size = 0 byte(s)
        DSEG: Data size = 0 bytes

        ESEG: Start = 0x00001000  End = 0x00001000  Size = 0 byte(s)
        ESEG: Data size = 0 bytes

ASSEMBLY COMPLETE,   NO ERRORS
